
> tuimpostor-e2e@1.0.0 build
> vite build

[36mvite v6.4.1 [32mbuilding for production...[36m[39m
transforming...
[32mÔ£ô[39m 4 modules transformed.
node.exe : 
[31mÔ£ù[39m Build 
failed in 64ms
En línea: 1 Carácter: 1
+ & "C:\Program 
Files\nodejs/node.exe" 
"C:\Program 
Files\nodejs/node_mo 
...
+ ~~~~~~~~~~~~~~~~~~~~~
~~~~~~~~~~~~~~~~~~~~~~~
~~~~~~~~~~~~~~~~~~~~~~~
~~
    + CategoryInfo     
         : NotSpecifi  
  ed: ([31mÔ£ù[39m   
  Build failed in 6    
4ms:String) [], Re    
moteException
    + FullyQualifiedEr 
   rorId : NativeComm  
  andError
 
[31merror during 
build:
[31mCould not resolve 
"./state.js" from 
"src/main.js"[31m
file: [36mC:/Users/jos
ep/OneDrive - Secsa/Doc
umentos/Joseph/Proyecto
s/Ordenado TuImpostor/T
uImpostor/src/main.js[
31m
    at getRollupError (
file:///C:/Users/josep/
OneDrive%20-%20Secsa/Do
cumentos/Joseph/Proyect
os/Ordenado%20TuImposto
r/TuImpostor/node_modul
es/rollup/dist/es/share
d/parseAst.js:402:41)
    at error (file:///C
:/Users/josep/OneDrive%
20-%20Secsa/Documentos/
Joseph/Proyectos/Ordena
do%20TuImpostor/TuImpos
tor/node_modules/rollup
/dist/es/shared/parseAs
t.js:398:42)
    at ModuleLoader.han
dleInvalidResolvedId (f
ile:///C:/Users/josep/O
neDrive%20-%20Secsa/Doc
umentos/Joseph/Proyecto
s/Ordenado%20TuImpostor
/TuImpostor/node_module
s/rollup/dist/es/shared
/node-entry.js:21710:24
)
    at file:///C:/Users
/josep/OneDrive%20-%20S
ecsa/Documentos/Joseph/
Proyectos/Ordenado%20Tu
Impostor/TuImpostor/nod
e_modules/rollup/dist/e
s/shared/node-entry.js:
21670:26[39m
